============================= test session starts =============================
platform win32 -- Python 3.11.9, pytest-8.4.2, pluggy-1.6.0 -- C:\Users\valle\nexus-agent\venv\Scripts\python.exe
cachedir: .pytest_cache
rootdir: C:\Users\valle\nexus-agent
configfile: pyproject.toml
plugins: anyio-4.13.0, asyncio-0.24.0, cov-4.1.0, respx-0.23.1
asyncio: mode=Mode.STRICT, default_loop_scope=None
collecting ... collected 7 items

tests/test_agent_unit.py::test_policy_allows_valid_amount_and_category PASSED [ 14%]
tests/test_agent_unit.py::test_budget_cap_enforcement PASSED             [ 28%]
tests/test_agent_unit.py::test_decimal_casting_from_int_string PASSED    [ 42%]
tests/test_agent_unit.py::test_task_intent_schema_validation_error PASSED [ 57%]
tests/test_tools.py::test_discovery_search_success PASSED                [ 71%]
tests/test_tools.py::test_commerce_purchase_includes_signature_in_payload PASSED [ 85%]
tests/test_tools.py::test_commerce_purchase_403_rejection PASSED         [100%]

============================== 7 passed in 1.56s ==============================
